Archive member included to satisfy reference by file (symbol)

c:/st/stm32cubeide_1.7.0/stm32cubeide/plugins/com.st.stm32cube.ide.mcu.externaltools.gnu-tools-for-stm32.9-2020-q2-update.win32_2.0.0.202105311346/tools/bin/../lib/gcc/arm-none-eabi/9.3.1/../../../../arm-none-eabi/lib/thumb/v7e-m+fp/hard\libc_nano.a(lib_a-errno.o)
                              ./Core/Src/syscalls.o (__errno)
c:/st/stm32cubeide_1.7.0/stm32cubeide/plugins/com.st.stm32cube.ide.mcu.externaltools.gnu-tools-for-stm32.9-2020-q2-update.win32_2.0.0.202105311346/tools/bin/../lib/gcc/arm-none-eabi/9.3.1/../../../../arm-none-eabi/lib/thumb/v7e-m+fp/hard\libc_nano.a(lib_a-exit.o)
                              c:/st/stm32cubeide_1.7.0/stm32cubeide/plugins/com.st.stm32cube.ide.mcu.externaltools.gnu-tools-for-stm32.9-2020-q2-update.win32_2.0.0.202105311346/tools/bin/../lib/gcc/arm-none-eabi/9.3.1/../../../../arm-none-eabi/lib/thumb/v7e-m+fp/hard/crt0.o (exit)
c:/st/stm32cubeide_1.7.0/stm32cubeide/plugins/com.st.stm32cube.ide.mcu.externaltools.gnu-tools-for-stm32.9-2020-q2-update.win32_2.0.0.202105311346/tools/bin/../lib/gcc/arm-none-eabi/9.3.1/../../../../arm-none-eabi/lib/thumb/v7e-m+fp/hard\libc_nano.a(lib_a-impure.o)
                              c:/st/stm32cubeide_1.7.0/stm32cubeide/plugins/com.st.stm32cube.ide.mcu.externaltools.gnu-tools-for-stm32.9-2020-q2-update.win32_2.0.0.202105311346/tools/bin/../lib/gcc/arm-none-eabi/9.3.1/../../../../arm-none-eabi/lib/thumb/v7e-m+fp/hard\libc_nano.a(lib_a-exit.o) (_global_impure_ptr)
c:/st/stm32cubeide_1.7.0/stm32cubeide/plugins/com.st.stm32cube.ide.mcu.externaltools.gnu-tools-for-stm32.9-2020-q2-update.win32_2.0.0.202105311346/tools/bin/../lib/gcc/arm-none-eabi/9.3.1/../../../../arm-none-eabi/lib/thumb/v7e-m+fp/hard\libc_nano.a(lib_a-init.o)
                              c:/st/stm32cubeide_1.7.0/stm32cubeide/plugins/com.st.stm32cube.ide.mcu.externaltools.gnu-tools-for-stm32.9-2020-q2-update.win32_2.0.0.202105311346/tools/bin/../lib/gcc/arm-none-eabi/9.3.1/../../../../arm-none-eabi/lib/thumb/v7e-m+fp/hard/crt0.o (__libc_init_array)
c:/st/stm32cubeide_1.7.0/stm32cubeide/plugins/com.st.stm32cube.ide.mcu.externaltools.gnu-tools-for-stm32.9-2020-q2-update.win32_2.0.0.202105311346/tools/bin/../lib/gcc/arm-none-eabi/9.3.1/../../../../arm-none-eabi/lib/thumb/v7e-m+fp/hard\libc_nano.a(lib_a-memset.o)
                              c:/st/stm32cubeide_1.7.0/stm32cubeide/plugins/com.st.stm32cube.ide.mcu.externaltools.gnu-tools-for-stm32.9-2020-q2-update.win32_2.0.0.202105311346/tools/bin/../lib/gcc/arm-none-eabi/9.3.1/../../../../arm-none-eabi/lib/thumb/v7e-m+fp/hard/crt0.o (memset)
c:/st/stm32cubeide_1.7.0/stm32cubeide/plugins/com.st.stm32cube.ide.mcu.externaltools.gnu-tools-for-stm32.9-2020-q2-update.win32_2.0.0.202105311346/tools/bin/../lib/gcc/arm-none-eabi/9.3.1/thumb/v7e-m+fp/hard\libgcc.a(_aeabi_uldivmod.o)
                              ./Drivers/STM32F4xx_HAL_Driver/Src/stm32f4xx_hal_rcc.o (__aeabi_uldivmod)
c:/st/stm32cubeide_1.7.0/stm32cubeide/plugins/com.st.stm32cube.ide.mcu.externaltools.gnu-tools-for-stm32.9-2020-q2-update.win32_2.0.0.202105311346/tools/bin/../lib/gcc/arm-none-eabi/9.3.1/thumb/v7e-m+fp/hard\libgcc.a(_udivmoddi4.o)
                              c:/st/stm32cubeide_1.7.0/stm32cubeide/plugins/com.st.stm32cube.ide.mcu.externaltools.gnu-tools-for-stm32.9-2020-q2-update.win32_2.0.0.202105311346/tools/bin/../lib/gcc/arm-none-eabi/9.3.1/thumb/v7e-m+fp/hard\libgcc.a(_aeabi_uldivmod.o) (__udivmoddi4)
c:/st/stm32cubeide_1.7.0/stm32cubeide/plugins/com.st.stm32cube.ide.mcu.externaltools.gnu-tools-for-stm32.9-2020-q2-update.win32_2.0.0.202105311346/tools/bin/../lib/gcc/arm-none-eabi/9.3.1/thumb/v7e-m+fp/hard\libgcc.a(_dvmd_tls.o)
                              c:/st/stm32cubeide_1.7.0/stm32cubeide/plugins/com.st.stm32cube.ide.mcu.externaltools.gnu-tools-for-stm32.9-2020-q2-update.win32_2.0.0.202105311346/tools/bin/../lib/gcc/arm-none-eabi/9.3.1/thumb/v7e-m+fp/hard\libgcc.a(_aeabi_uldivmod.o) (__aeabi_ldiv0)

Allocating common symbols
Common symbol       size              file

hi2c1               0x54              ./Core/Src/main.o
hi2c2               0x54              ./Core/Src/main.o
uwTick              0x4               ./Drivers/STM32F4xx_HAL_Driver/Src/stm32f4xx_hal.o
pFlash              0x20              ./Drivers/STM32F4xx_HAL_Driver/Src/stm32f4xx_hal_flash.o
hspi1               0x58              ./Core/Src/main.o

Discarded input sections

 .text          0x0000000000000000        0x0 c:/st/stm32cubeide_1.7.0/stm32cubeide/plugins/com.st.stm32cube.ide.mcu.externaltools.gnu-tools-for-stm32.9-2020-q2-update.win32_2.0.0.202105311346/tools/bin/../lib/gcc/arm-none-eabi/9.3.1/thumb/v7e-m+fp/hard/crti.o
 .data          0x0000000000000000        0x0 c:/st/stm32cubeide_1.7.0/stm32cubeide/plugins/com.st.stm32cube.ide.mcu.externaltools.gnu-tools-for-stm32.9-2020-q2-update.win32_2.0.0.202105311346/tools/bin/../lib/gcc/arm-none-eabi/9.3.1/thumb/v7e-m+fp/hard/crti.o
[...]
Memory Configuration

Name             Origin             Length             Attributes
RAM              0x0000000020000000 0x0000000000020000 xrw
FLASH            0x0000000008000000 0x0000000000080000 xr
*default*        0x0000000000000000 0xffffffffffffffff

Linker script and memory map

LOAD c:/st/stm32cubeide_1.7.0/stm32cubeide/plugins/com.st.stm32cube.ide.mcu.externaltools.gnu-tools-for-stm32.9-2020-q2-update.win32_2.0.0.202105311346/tools/bin/../lib/gcc/arm-none-eabi/9.3.1/thumb/v7e-m+fp/hard/crti.o
LOAD c:/st/stm32cubeide_1.7.0/stm32cubeide/plugins/com.st.stm32cube.ide.mcu.externaltools.gnu-tools-for-stm32.9-2020-q2-update.win32_2.0.0.202105311346/tools/bin/../lib/gcc/arm-none-eabi/9.3.1/thumb/v7e-m+fp/hard/crtbegin.o
LOAD c:/st/stm32cubeide_1.7.0/stm32cubeide/plugins/com.st.stm32cube.ide.mcu.externaltools.gnu-tools-for-stm32.9-2020-q2-update.win32_2.0.0.202105311346/tools/bin/../lib/gcc/arm-none-eabi/9.3.1/../../../../arm-none-eabi/lib/thumb/v7e-m+fp/hard/crt0.o
LOAD ./Core/Src/fonts.o
LOAD ./Core/Src/main.o
LOAD ./Core/Src/ssd1306.o
LOAD ./Core/Src/stm32f4xx_hal_msp.o
LOAD ./Core/Src/stm32f4xx_it.o
LOAD ./Core/Src/syscalls.o
LOAD ./Core/Src/sysmem.o
LOAD ./Core/Src/system_stm32f4xx.o
LOAD ./Core/Startup/startup_stm32f411vetx.o
LOAD ./Drivers/BSP/Components/lsm303agr/lsm303agr.o
LOAD ./Drivers/BSP/Components/lsm303dlhc/lsm303dlhc.o
LOAD ./Drivers/BSP/STM32F411E-Discovery/stm32f411e_discovery.o
LOAD ./Drivers/BSP/STM32F411E-Discovery/stm32f411e_discovery_accelerometer.o
LOAD ./Drivers/STM32F4xx_HAL_Driver/Src/stm32f4xx_hal.o
LOAD ./Drivers/STM32F4xx_HAL_Driver/Src/stm32f4xx_hal_cortex.o
LOAD ./Drivers/STM32F4xx_HAL_Driver/Src/stm32f4xx_hal_dma.o
LOAD ./Drivers/STM32F4xx_HAL_Driver/Src/stm32f4xx_hal_dma_ex.o
LOAD ./Drivers/STM32F4xx_HAL_Driver/Src/stm32f4xx_hal_exti.o
LOAD ./Drivers/STM32F4xx_HAL_Driver/Src/stm32f4xx_hal_flash.o
LOAD ./Drivers/STM32F4xx_HAL_Driver/Src/stm32f4xx_hal_flash_ex.o
LOAD ./Drivers/STM32F4xx_HAL_Driver/Src/stm32f4xx_hal_flash_ramfunc.o
LOAD ./Drivers/STM32F4xx_HAL_Driver/Src/stm32f4xx_hal_gpio.o
LOAD ./Drivers/STM32F4xx_HAL_Driver/Src/stm32f4xx_hal_i2c.o
LOAD ./Drivers/STM32F4xx_HAL_Driver/Src/stm32f4xx_hal_i2c_ex.o
LOAD ./Drivers/STM32F4xx_HAL_Driver/Src/stm32f4xx_hal_pwr.o
LOAD ./Drivers/STM32F4xx_HAL_Driver/Src/stm32f4xx_hal_pwr_ex.o
LOAD ./Drivers/STM32F4xx_HAL_Driver/Src/stm32f4xx_hal_rcc.o
LOAD ./Drivers/STM32F4xx_HAL_Driver/Src/stm32f4xx_hal_rcc_ex.o
LOAD ./Drivers/STM32F4xx_HAL_Driver/Src/stm32f4xx_hal_spi.o
LOAD ./Drivers/STM32F4xx_HAL_Driver/Src/stm32f4xx_hal_tim.o
LOAD ./Drivers/STM32F4xx_HAL_Driver/Src/stm32f4xx_hal_tim_ex.o
START GROUP
LOAD c:/st/stm32cubeide_1.7.0/stm32cubeide/plugins/com.st.stm32cube.ide.mcu.externaltools.gnu-tools-for-stm32.9-2020-q2-update.win32_2.0.0.202105311346/tools/bin/../lib/gcc/arm-none-eabi/9.3.1/../../../../arm-none-eabi/lib/thumb/v7e-m+fp/hard\libc_nano.a
LOAD c:/st/stm32cubeide_1.7.0/stm32cubeide/plugins/com.st.stm32cube.ide.mcu.externaltools.gnu-tools-for-stm32.9-2020-q2-update.win32_2.0.0.202105311346/tools/bin/../lib/gcc/arm-none-eabi/9.3.1/../../../../arm-none-eabi/lib/thumb/v7e-m+fp/hard\libm.a
END GROUP
START GROUP
LOAD c:/st/stm32cubeide_1.7.0/stm32cubeide/plugins/com.st.stm32cube.ide.mcu.externaltools.gnu-tools-for-stm32.9-2020-q2-update.win32_2.0.0.202105311346/tools/bin/../lib/gcc/arm-none-eabi/9.3.1/thumb/v7e-m+fp/hard\libgcc.a
LOAD c:/st/stm32cubeide_1.7.0/stm32cubeide/plugins/com.st.stm32cube.ide.mcu.externaltools.gnu-tools-for-stm32.9-2020-q2-update.win32_2.0.0.202105311346/tools/bin/../lib/gcc/arm-none-eabi/9.3.1/../../../../arm-none-eabi/lib/thumb/v7e-m+fp/hard\libc_nano.a
END GROUP
START GROUP
LOAD c:/st/stm32cubeide_1.7.0/stm32cubeide/plugins/com.st.stm32cube.ide.mcu.externaltools.gnu-tools-for-stm32.9-2020-q2-update.win32_2.0.0.202105311346/tools/bin/../lib/gcc/arm-none-eabi/9.3.1/thumb/v7e-m+fp/hard\libgcc.a
LOAD c:/st/stm32cubeide_1.7.0/stm32cubeide/plugins/com.st.stm32cube.ide.mcu.externaltools.gnu-tools-for-stm32.9-2020-q2-update.win32_2.0.0.202105311346/tools/bin/../lib/gcc/arm-none-eabi/9.3.1/../../../../arm-none-eabi/lib/thumb/v7e-m+fp/hard\libc_nano.a
LOAD c:/st/stm32cubeide_1.7.0/stm32cubeide/plugins/com.st.stm32cube.ide.mcu.externaltools.gnu-tools-for-stm32.9-2020-q2-update.win32_2.0.0.202105311346/tools/bin/../lib/gcc/arm-none-eabi/9.3.1/../../../../arm-none-eabi/lib/thumb/v7e-m+fp/hard\libnosys.a
END GROUP
START GROUP
LOAD c:/st/stm32cubeide_1.7.0/stm32cubeide/plugins/com.st.stm32cube.ide.mcu.externaltools.gnu-tools-for-stm32.9-2020-q2-update.win32_2.0.0.202105311346/tools/bin/../lib/gcc/arm-none-eabi/9.3.1/thumb/v7e-m+fp/hard\libgcc.a
LOAD c:/st/stm32cubeide_1.7.0/stm32cubeide/plugins/com.st.stm32cube.ide.mcu.externaltools.gnu-tools-for-stm32.9-2020-q2-update.win32_2.0.0.202105311346/tools/bin/../lib/gcc/arm-none-eabi/9.3.1/../../../../arm-none-eabi/lib/thumb/v7e-m+fp/hard\libc_nano.a
LOAD c:/st/stm32cubeide_1.7.0/stm32cubeide/plugins/com.st.stm32cube.ide.mcu.externaltools.gnu-tools-for-stm32.9-2020-q2-update.win32_2.0.0.202105311346/tools/bin/../lib/gcc/arm-none-eabi/9.3.1/../../../../arm-none-eabi/lib/thumb/v7e-m+fp/hard\libnosys.a
END GROUP
LOAD c:/st/stm32cubeide_1.7.0/stm32cubeide/plugins/com.st.stm32cube.ide.mcu.externaltools.gnu-tools-for-stm32.9-2020-q2-update.win32_2.0.0.202105311346/tools/bin/../lib/gcc/arm-none-eabi/9.3.1/thumb/v7e-m+fp/hard/crtend.o
LOAD c:/st/stm32cubeide_1.7.0/stm32cubeide/plugins/com.st.stm32cube.ide.mcu.externaltools.gnu-tools-for-stm32.9-2020-q2-update.win32_2.0.0.202105311346/tools/bin/../lib/gcc/arm-none-eabi/9.3.1/thumb/v7e-m+fp/hard/crtn.o
                0x0000000020020000                _estack = (ORIGIN (RAM) + LENGTH (RAM))
                0x0000000000000200                _Min_Heap_Size = 0x200
                0x0000000000000400                _Min_Stack_Size = 0x400

.isr_vector     0x0000000008000000      0x198
                0x0000000008000000                . = ALIGN (0x4)
 *(.isr_vector)
 .isr_vector    0x0000000008000000      0x198 ./Core/Startup/startup_stm32f411vetx.o
                0x0000000008000000                g_pfnVectors
                0x0000000008000198                . = ALIGN (0x4)

.text           0x0000000008000198     0x3e74
                0x0000000008000198                . = ALIGN (0x4)
 *(.text)
 .text          0x0000000008000198       0x40 c:/st/stm32cubeide_1.7.0/stm32cubeide/plugins/com.st.stm32cube.ide.mcu.externaltools.gnu-tools-for-stm32.9-2020-q2-update.win32_2.0.0.202105311346/tools/bin/../lib/gcc/arm-none-eabi/9.3.1/thumb/v7e-m+fp/hard/crtbegin.o
 .text          0x00000000080001d8       0x30 c:/st/stm32cubeide_1.7.0/stm32cubeide/plugins/com.st.stm32cube.ide.mcu.externaltools.gnu-tools-for-stm32.9-2020-q2-update.win32_2.0.0.202105311346/tools/bin/../lib/gcc/arm-none-eabi/9.3.1/thumb/v7e-m+fp/hard\libgcc.a(_aeabi_uldivmod.o)
                0x00000000080001d8                __aeabi_uldivmod
 .text          0x0000000008000208      0x2c4 c:/st/stm32cubeide_1.7.0/stm32cubeide/plugins/com.st.stm32cube.ide.mcu.externaltools.gnu-tools-for-stm32.9-2020-q2-update.win32_2.0.0.202105311346/tools/bin/../lib/gcc/arm-none-eabi/9.3.1/thumb/v7e-m+fp/hard\libgcc.a(_udivmoddi4.o)
                0x0000000008000208                __udivmoddi4
 .text          0x00000000080004cc        0x4 c:/st/stm32cubeide_1.7.0/stm32cubeide/plugins/com.st.stm32cube.ide.mcu.externaltools.gnu-tools-for-stm32.9-2020-q2-update.win32_2.0.0.202105311346/tools/bin/../lib/gcc/arm-none-eabi/9.3.1/thumb/v7e-m+fp/hard\libgcc.a(_dvmd_tls.o)
                0x00000000080004cc                __aeabi_idiv0
                0x00000000080004cc                __aeabi_ldiv0
 *(.text*)
 .text.turnOnLed.8620
                0x00000000080004d0       0x2e ./Core/Src/main.o
 *fill*         0x00000000080004fe        0x2 
 .text.main     0x0000000008000500      0x154 ./Core/Src/main.o
                0x0000000008000500                main
 .text.turnOfLEDS.8622
                0x0000000008000654       0x48 ./Core/Src/main.o
 .text.SystemClock_Config
                0x000000000800069c       0xd0 ./Core/Src/main.o
                0x000000000800069c                SystemClock_Config
 .text.MX_I2C1_Init
                0x000000000800076c       0x5c ./Core/Src/main.o
 .text.MX_I2C2_Init
                0x00000000080007c8       0x5c ./Core/Src/main.o
 .text.MX_SPI1_Init
                0x0000000008000824       0x6c ./Core/Src/main.o
 .text.MX_GPIO_Init
                0x0000000008000890       0xa4 ./Core/Src/main.o
 .text.Error_Handler
                0x0000000008000934        0xa ./Core/Src/main.o
                0x0000000008000934                Error_Handler
 .text.ssd1306_WriteCommand
                0x000000000800093e       0x2e ./Core/Src/ssd1306.o
 .text.ssd1306_Init
                0x000000000800096c      0x240 ./Core/Src/ssd1306.o
                0x000000000800096c                ssd1306_Init
 .text.ssd1306_Fill
                0x0000000008000bac       0x48 ./Core/Src/ssd1306.o
                0x0000000008000bac                ssd1306_Fill
 .text.ssd1306_UpdateScreen
                0x0000000008000bf4       0x64 ./Core/Src/ssd1306.o
                0x0000000008000bf4                ssd1306_UpdateScreen
 .text.ssd1306_DrawPixel
                0x0000000008000c58       0xc0 ./Core/Src/ssd1306.o
                0x0000000008000c58                ssd1306_DrawPixel
 .text.ssd1306_WriteChar
                0x0000000008000d18      0x100 ./Core/Src/ssd1306.o
                0x0000000008000d18                ssd1306_WriteChar
 .text.ssd1306_WriteString
                0x0000000008000e18       0x4c ./Core/Src/ssd1306.o
                0x0000000008000e18                ssd1306_WriteString
 .text.ssd1306_SetCursor
                0x0000000008000e64       0x30 ./Core/Src/ssd1306.o
                0x0000000008000e64                ssd1306_SetCursor
 .text.HAL_MspInit
                0x0000000008000e94       0x50 ./Core/Src/stm32f4xx_hal_msp.o
                0x0000000008000e94                HAL_MspInit
 .text.HAL_I2C_MspInit
                0x0000000008000ee4      0x118 ./Core/Src/stm32f4xx_hal_msp.o
                0x0000000008000ee4                HAL_I2C_MspInit
 .text.HAL_I2C_MspDeInit
                0x0000000008000ffc       0x70 ./Core/Src/stm32f4xx_hal_msp.o
                0x0000000008000ffc                HAL_I2C_MspDeInit
 .text.HAL_SPI_MspInit
                0x000000000800106c       0x90 ./Core/Src/stm32f4xx_hal_msp.o
                0x000000000800106c                HAL_SPI_MspInit
 .text.NMI_Handler
                0x00000000080010fc        0x6 ./Core/Src/stm32f4xx_it.o
                0x00000000080010fc                NMI_Handler
 .text.HardFault_Handler
                0x0000000008001102        0x6 ./Core/Src/stm32f4xx_it.o
                0x0000000008001102                HardFault_Handler
 .text.MemManage_Handler
                0x0000000008001108        0x6 ./Core/Src/stm32f4xx_it.o
                0x0000000008001108                MemManage_Handler
 .text.BusFault_Handler
                0x000000000800110e        0x6 ./Core/Src/stm32f4xx_it.o
                0x000000000800110e                BusFault_Handler
 .text.UsageFault_Handler
                0x0000000008001114        0x6 ./Core/Src/stm32f4xx_it.o
                0x0000000008001114                UsageFault_Handler
 .text.SVC_Handler
                0x000000000800111a        0xe ./Core/Src/stm32f4xx_it.o
                0x000000000800111a                SVC_Handler
 .text.DebugMon_Handler
                0x0000000008001128        0xe ./Core/Src/stm32f4xx_it.o
                0x0000000008001128                DebugMon_Handler
 .text.PendSV_Handler
                0x0000000008001136        0xe ./Core/Src/stm32f4xx_it.o
                0x0000000008001136                PendSV_Handler
 .text.SysTick_Handler
                0x0000000008001144        0xc ./Core/Src/stm32f4xx_it.o
                0x0000000008001144                SysTick_Handler
 .text.SystemInit
                0x0000000008001150       0x24 ./Core/Src/system_stm32f4xx.o
                0x0000000008001150                SystemInit
 .text.Reset_Handler
                0x0000000008001174       0x50 ./Core/Startup/startup_stm32f411vetx.o
                0x0000000008001174                Reset_Handler
 .text.Default_Handler
                0x00000000080011c4        0x2 ./Core/Startup/startup_stm32f411vetx.o
                0x00000000080011c4                RTC_Alarm_IRQHandler
                0x00000000080011c4                EXTI2_IRQHandler
                0x00000000080011c4                SPI4_IRQHandler
                0x00000000080011c4                TIM1_CC_IRQHandler
                0x00000000080011c4                DMA2_Stream5_IRQHandler
                0x00000000080011c4                DMA1_Stream5_IRQHandler
                0x00000000080011c4                PVD_IRQHandler
                0x00000000080011c4                SDIO_IRQHandler
                0x00000000080011c4                TAMP_STAMP_IRQHandler
                0x00000000080011c4                EXTI3_IRQHandler
                0x00000000080011c4                TIM1_UP_TIM10_IRQHandler
                0x00000000080011c4                I2C3_ER_IRQHandler
                0x00000000080011c4                EXTI0_IRQHandler
                0x00000000080011c4                I2C2_EV_IRQHandler
                0x00000000080011c4                DMA1_Stream2_IRQHandler
                0x00000000080011c4                FPU_IRQHandler
                0x00000000080011c4                DMA2_Stream2_IRQHandler
                0x00000000080011c4                SPI1_IRQHandler
                0x00000000080011c4                TIM1_BRK_TIM9_IRQHandler
                0x00000000080011c4                DMA2_Stream3_IRQHandler
                0x00000000080011c4                USART6_IRQHandler
                0x00000000080011c4                DMA2_Stream0_IRQHandler
                0x00000000080011c4                TIM4_IRQHandler
                0x00000000080011c4                I2C1_EV_IRQHandler
                0x00000000080011c4                DMA1_Stream6_IRQHandler
                0x00000000080011c4                DMA1_Stream1_IRQHandler
                0x00000000080011c4                TIM3_IRQHandler
                0x00000000080011c4                RCC_IRQHandler
                0x00000000080011c4                Default_Handler
                0x00000000080011c4                EXTI15_10_IRQHandler
                0x00000000080011c4                ADC_IRQHandler
                0x00000000080011c4                DMA1_Stream7_IRQHandler
                0x00000000080011c4                SPI5_IRQHandler
                0x00000000080011c4                TIM5_IRQHandler
                0x00000000080011c4                DMA2_Stream7_IRQHandler
                0x00000000080011c4                I2C3_EV_IRQHandler
                0x00000000080011c4                EXTI9_5_IRQHandler
                0x00000000080011c4                RTC_WKUP_IRQHandler
                0x00000000080011c4                SPI2_IRQHandler
                0x00000000080011c4                DMA1_Stream0_IRQHandler
                0x00000000080011c4                EXTI4_IRQHandler
                0x00000000080011c4                WWDG_IRQHandler
                0x00000000080011c4                TIM2_IRQHandler
                0x00000000080011c4                OTG_FS_WKUP_IRQHandler
                0x00000000080011c4                TIM1_TRG_COM_TIM11_IRQHandler
                0x00000000080011c4                EXTI1_IRQHandler
                0x00000000080011c4                USART2_IRQHandler
                0x00000000080011c4                I2C2_ER_IRQHandler
                0x00000000080011c4                DMA2_Stream1_IRQHandler
                0x00000000080011c4                FLASH_IRQHandler
                0x00000000080011c4                DMA2_Stream4_IRQHandler
                0x00000000080011c4                USART1_IRQHandler
                0x00000000080011c4                OTG_FS_IRQHandler
                0x00000000080011c4                SPI3_IRQHandler
                0x00000000080011c4                DMA1_Stream4_IRQHandler
                0x00000000080011c4                I2C1_ER_IRQHandler
                0x00000000080011c4                DMA2_Stream6_IRQHandler
                0x00000000080011c4                DMA1_Stream3_IRQHandler
 .text.LSM303AGR_AccInit
                0x00000000080011c6       0x3a ./Drivers/BSP/Components/lsm303agr/lsm303agr.o
                0x00000000080011c6                LSM303AGR_AccInit
 .text.LSM303AGR_AccDeInit
                0x0000000008001200        0xe ./Drivers/BSP/Components/lsm303agr/lsm303agr.o
                0x0000000008001200                LSM303AGR_AccDeInit
 .text.LSM303AGR_AccReadID
                0x000000000800120e       0x24 ./Drivers/BSP/Components/lsm303agr/lsm303agr.o
                0x000000000800120e                LSM303AGR_AccReadID
 .text.LSM303AGR_AccRebootCmd
                0x0000000008001232       0x2e ./Drivers/BSP/Components/lsm303agr/lsm303agr.o
                0x0000000008001232                LSM303AGR_AccRebootCmd
 .text.LSM303AGR_AccFilterConfig
                0x0000000008001260       0x3a ./Drivers/BSP/Components/lsm303agr/lsm303agr.o
                0x0000000008001260                LSM303AGR_AccFilterConfig
 .text.LSM303AGR_AccFilterCmd
                0x000000000800129a       0x3a ./Drivers/BSP/Components/lsm303agr/lsm303agr.o
                0x000000000800129a                LSM303AGR_AccFilterCmd
 .text.LSM303AGR_AccReadXYZ
                0x00000000080012d4      0x19e ./Drivers/BSP/Components/lsm303agr/lsm303agr.o
                0x00000000080012d4                LSM303AGR_AccReadXYZ
 .text.LSM303AGR_AccFilterClickCmd
                0x0000000008001472       0x3e ./Drivers/BSP/Components/lsm303agr/lsm303agr.o
                0x0000000008001472                LSM303AGR_AccFilterClickCmd
 .text.LSM303AGR_AccIT1Enable
                0x00000000080014b0       0x36 ./Drivers/BSP/Components/lsm303agr/lsm303agr.o
                0x00000000080014b0                LSM303AGR_AccIT1Enable
 .text.LSM303AGR_AccClickITEnable
                0x00000000080014e6       0x72 ./Drivers/BSP/Components/lsm303agr/lsm303agr.o
                0x00000000080014e6                LSM303AGR_AccClickITEnable
 .text.LSM303AGR_AccZClickITConfig
                0x0000000008001558       0x1e ./Drivers/BSP/Components/lsm303agr/lsm303agr.o
                0x0000000008001558                LSM303AGR_AccZClickITConfig
 .text.LSM303DLHC_AccInit
                0x0000000008001576       0x3a ./Drivers/BSP/Components/lsm303dlhc/lsm303dlhc.o
                0x0000000008001576                LSM303DLHC_AccInit
 .text.LSM303DLHC_AccDeInit
                0x00000000080015b0        0xe ./Drivers/BSP/Components/lsm303dlhc/lsm303dlhc.o
                0x00000000080015b0                LSM303DLHC_AccDeInit
 .text.LSM303DLHC_AccReadID
                0x00000000080015be       0x24 ./Drivers/BSP/Components/lsm303dlhc/lsm303dlhc.o
                0x00000000080015be                LSM303DLHC_AccReadID
 .text.LSM303DLHC_AccRebootCmd
                0x00000000080015e2       0x2e ./Drivers/BSP/Components/lsm303dlhc/lsm303dlhc.o
                0x00000000080015e2                LSM303DLHC_AccRebootCmd
 .text.LSM303DLHC_AccFilterConfig
                0x0000000008001610       0x3a ./Drivers/BSP/Components/lsm303dlhc/lsm303dlhc.o
                0x0000000008001610                LSM303DLHC_AccFilterConfig
 .text.LSM303DLHC_AccFilterCmd
                0x000000000800164a       0x3a ./Drivers/BSP/Components/lsm303dlhc/lsm303dlhc.o
                0x000000000800164a                LSM303DLHC_AccFilterCmd
 .text.LSM303DLHC_AccReadXYZ
                0x0000000008001684      0x19e ./Drivers/BSP/Components/lsm303dlhc/lsm303dlhc.o
                0x0000000008001684                LSM303DLHC_AccReadXYZ
 .text.LSM303DLHC_AccFilterClickCmd
                0x0000000008001822       0x3e ./Drivers/BSP/Components/lsm303dlhc/lsm303dlhc.o
                0x0000000008001822                LSM303DLHC_AccFilterClickCmd
 .text.LSM303DLHC_AccIT1Enable
                0x0000000008001860       0x36 ./Drivers/BSP/Components/lsm303dlhc/lsm303dlhc.o
                0x0000000008001860                LSM303DLHC_AccIT1Enable
 .text.LSM303DLHC_AccClickITEnable
                0x0000000008001896       0x72 ./Drivers/BSP/Components/lsm303dlhc/lsm303dlhc.o
                0x0000000008001896                LSM303DLHC_AccClickITEnable
 .text.LSM303DLHC_AccZClickITConfig
                0x0000000008001908       0x1e ./Drivers/BSP/Components/lsm303dlhc/lsm303dlhc.o
                0x0000000008001908                LSM303DLHC_AccZClickITConfig
 *fill*         0x0000000008001926        0x2 
 .text.I2Cx_Init
                0x0000000008001928       0x64 ./Drivers/BSP/STM32F411E-Discovery/stm32f411e_discovery.o
 .text.I2Cx_WriteData
                0x000000000800198c       0x50 ./Drivers/BSP/STM32F411E-Discovery/stm32f411e_discovery.o
 .text.I2Cx_ReadData
                0x00000000080019dc       0x58 ./Drivers/BSP/STM32F411E-Discovery/stm32f411e_discovery.o
 .text.I2Cx_Error
                0x0000000008001a34       0x18 ./Drivers/BSP/STM32F411E-Discovery/stm32f411e_discovery.o
 .text.I2Cx_MspInit
                0x0000000008001a4c       0xac ./Drivers/BSP/STM32F411E-Discovery/stm32f411e_discovery.o
 .text.COMPASSACCELERO_IO_Init
                0x0000000008001af8       0x50 ./Drivers/BSP/STM32F411E-Discovery/stm32f411e_discovery.o
                0x0000000008001af8                COMPASSACCELERO_IO_Init
 .text.COMPASSACCELERO_IO_ITConfig
                0x0000000008001b48       0x60 ./Drivers/BSP/STM32F411E-Discovery/stm32f411e_discovery.o
                0x0000000008001b48                COMPASSACCELERO_IO_ITConfig
 .text.COMPASSACCELERO_IO_Write
                0x0000000008001ba8       0x26 ./Drivers/BSP/STM32F411E-Discovery/stm32f411e_discovery.o
                0x0000000008001ba8                COMPASSACCELERO_IO_Write
 .text.COMPASSACCELERO_IO_Read
                0x0000000008001bce       0x26 ./Drivers/BSP/STM32F411E-Discovery/stm32f411e_discovery.o
                0x0000000008001bce                COMPASSACCELERO_IO_Read
 .text.BSP_ACCELERO_Init
                0x0000000008001bf4      0x184 ./Drivers/BSP/STM32F411E-Discovery/stm32f411e_discovery_accelerometer.o
                0x0000000008001bf4                BSP_ACCELERO_Init
 .text.BSP_ACCELERO_GetXYZ
                0x0000000008001d78       0x58 ./Drivers/BSP/STM32F411E-Discovery/stm32f411e_discovery_accelerometer.o
                0x0000000008001d78                BSP_ACCELERO_GetXYZ
 .text.HAL_Init
                0x0000000008001dd0       0x44 ./Drivers/STM32F4xx_HAL_Driver/Src/stm32f4xx_hal.o
                0x0000000008001dd0                HAL_Init
 .text.HAL_InitTick
                0x0000000008001e14       0x60 ./Drivers/STM32F4xx_HAL_Driver/Src/stm32f4xx_hal.o
                0x0000000008001e14                HAL_InitTick
 .text.HAL_IncTick
                0x0000000008001e74       0x28 ./Drivers/STM32F4xx_HAL_Driver/Src/stm32f4xx_hal.o
                0x0000000008001e74                HAL_IncTick
 .text.HAL_GetTick
                0x0000000008001e9c       0x18 ./Drivers/STM32F4xx_HAL_Driver/Src/stm32f4xx_hal.o
                0x0000000008001e9c                HAL_GetTick
 .text.HAL_Delay
                0x0000000008001eb4       0x48 ./Drivers/STM32F4xx_HAL_Driver/Src/stm32f4xx_hal.o
                0x0000000008001eb4                HAL_Delay
 .text.__NVIC_SetPriorityGrouping
                0x0000000008001efc       0x48 ./Drivers/STM32F4xx_HAL_Driver/Src/stm32f4xx_hal_cortex.o
 .text.__NVIC_GetPriorityGrouping
                0x0000000008001f44       0x1c ./Drivers/STM32F4xx_HAL_Driver/Src/stm32f4xx_hal_cortex.o
 .text.__NVIC_EnableIRQ
                0x0000000008001f60       0x3c ./Drivers/STM32F4xx_HAL_Driver/Src/stm32f4xx_hal_cortex.o
 .text.__NVIC_SetPriority
                0x0000000008001f9c       0x54 ./Drivers/STM32F4xx_HAL_Driver/Src/stm32f4xx_hal_cortex.o
 .text.NVIC_EncodePriority
                0x0000000008001ff0       0x66 ./Drivers/STM32F4xx_HAL_Driver/Src/stm32f4xx_hal_cortex.o
 *fill*         0x0000000008002056        0x2 
 .text.SysTick_Config
                0x0000000008002058       0x44 ./Drivers/STM32F4xx_HAL_Driver/Src/stm32f4xx_hal_cortex.o
 .text.HAL_NVIC_SetPriorityGrouping
                0x000000000800209c       0x16 ./Drivers/STM32F4xx_HAL_Driver/Src/stm32f4xx_hal_cortex.o
                0x000000000800209c                HAL_NVIC_SetPriorityGrouping
 .text.HAL_NVIC_SetPriority
                0x00000000080020b2       0x38 ./Drivers/STM32F4xx_HAL_Driver/Src/stm32f4xx_hal_cortex.o
                0x00000000080020b2                HAL_NVIC_SetPriority
 .text.HAL_NVIC_EnableIRQ
                0x00000000080020ea       0x1c ./Drivers/STM32F4xx_HAL_Driver/Src/stm32f4xx_hal_cortex.o
                0x00000000080020ea                HAL_NVIC_EnableIRQ
 .text.HAL_SYSTICK_Config
                0x0000000008002106       0x18 ./Drivers/STM32F4xx_HAL_Driver/Src/stm32f4xx_hal_cortex.o
                0x0000000008002106                HAL_SYSTICK_Config
 *fill*         0x000000000800211e        0x2 
 .text.HAL_GPIO_Init
                0x0000000008002120      0x308 ./Drivers/STM32F4xx_HAL_Driver/Src/stm32f4xx_hal_gpio.o
                0x0000000008002120                HAL_GPIO_Init
 .text.HAL_GPIO_DeInit
                0x0000000008002428      0x1c8 ./Drivers/STM32F4xx_HAL_Driver/Src/stm32f4xx_hal_gpio.o
                0x0000000008002428                HAL_GPIO_DeInit
 .text.HAL_GPIO_WritePin
                0x00000000080025f0       0x32 ./Drivers/STM32F4xx_HAL_Driver/Src/stm32f4xx_hal_gpio.o
                0x00000000080025f0                HAL_GPIO_WritePin
 *fill*         0x0000000008002622        0x2 
 .text.HAL_I2C_Init
                0x0000000008002624      0x288 ./Drivers/STM32F4xx_HAL_Driver/Src/stm32f4xx_hal_i2c.o
                0x0000000008002624                HAL_I2C_Init
 .text.HAL_I2C_DeInit
                0x00000000080028ac       0x5e ./Drivers/STM32F4xx_HAL_Driver/Src/stm32f4xx_hal_i2c.o
                0x00000000080028ac                HAL_I2C_DeInit
 *fill*         0x000000000800290a        0x2 
 .text.HAL_I2C_Mem_Write
                0x000000000800290c      0x1f4 ./Drivers/STM32F4xx_HAL_Driver/Src/stm32f4xx_hal_i2c.o
                0x000000000800290c                HAL_I2C_Mem_Write
 .text.HAL_I2C_Mem_Read
                0x0000000008002b00      0x44c ./Drivers/STM32F4xx_HAL_Driver/Src/stm32f4xx_hal_i2c.o
                0x0000000008002b00                HAL_I2C_Mem_Read
 .text.HAL_I2C_GetState
                0x0000000008002f4c       0x1c ./Drivers/STM32F4xx_HAL_Driver/Src/stm32f4xx_hal_i2c.o
                0x0000000008002f4c                HAL_I2C_GetState
 .text.I2C_RequestMemoryWrite
                0x0000000008002f68      0x12c ./Drivers/STM32F4xx_HAL_Driver/Src/stm32f4xx_hal_i2c.o
 .text.I2C_RequestMemoryRead
                0x0000000008003094      0x1d0 ./Drivers/STM32F4xx_HAL_Driver/Src/stm32f4xx_hal_i2c.o
 .text.I2C_WaitOnFlagUntilTimeout
                0x0000000008003264       0xae ./Drivers/STM32F4xx_HAL_Driver/Src/stm32f4xx_hal_i2c.o
 .text.I2C_WaitOnMasterAddressFlagUntilTimeout
                0x0000000008003312       0xfe ./Drivers/STM32F4xx_HAL_Driver/Src/stm32f4xx_hal_i2c.o
 .text.I2C_WaitOnTXEFlagUntilTimeout
                0x0000000008003410       0x82 ./Drivers/STM32F4xx_HAL_Driver/Src/stm32f4xx_hal_i2c.o
 .text.I2C_WaitOnBTFFlagUntilTimeout
                0x0000000008003492       0x82 ./Drivers/STM32F4xx_HAL_Driver/Src/stm32f4xx_hal_i2c.o
 .text.I2C_WaitOnRXNEFlagUntilTimeout
                0x0000000008003514       0xac ./Drivers/STM32F4xx_HAL_Driver/Src/stm32f4xx_hal_i2c.o
 .text.I2C_IsAcknowledgeFailed
                0x00000000080035c0       0x5e ./Drivers/STM32F4xx_HAL_Driver/Src/stm32f4xx_hal_i2c.o
 *fill*         0x000000000800361e        0x2 
 .text.HAL_RCC_OscConfig
                0x0000000008003620      0x4f0 ./Drivers/STM32F4xx_HAL_Driver/Src/stm32f4xx_hal_rcc.o
                0x0000000008003620                HAL_RCC_OscConfig
 .text.HAL_RCC_ClockConfig
                0x0000000008003b10      0x1cc ./Drivers/STM32F4xx_HAL_Driver/Src/stm32f4xx_hal_rcc.o
                0x0000000008003b10                HAL_RCC_ClockConfig
 .text.HAL_RCC_GetSysClockFreq
                0x0000000008003cdc      0x16c ./Drivers/STM32F4xx_HAL_Driver/Src/stm32f4xx_hal_rcc.o
                0x0000000008003cdc                HAL_RCC_GetSysClockFreq
 .text.HAL_RCC_GetHCLKFreq
                0x0000000008003e48       0x18 ./Drivers/STM32F4xx_HAL_Driver/Src/stm32f4xx_hal_rcc.o
                0x0000000008003e48                HAL_RCC_GetHCLKFreq
 .text.HAL_RCC_GetPCLK1Freq
                0x0000000008003e60       0x28 ./Drivers/STM32F4xx_HAL_Driver/Src/stm32f4xx_hal_rcc.o
                0x0000000008003e60                HAL_RCC_GetPCLK1Freq
 .text.HAL_SPI_Init
                0x0000000008003e88      0x112 ./Drivers/STM32F4xx_HAL_Driver/Src/stm32f4xx_hal_spi.o
                0x0000000008003e88                HAL_SPI_Init
 *fill*         0x0000000008003f9a        0x2 
 .text.__libc_init_array
                0x0000000008003f9c       0x48 c:/st/stm32cubeide_1.7.0/stm32cubeide/plugins/com.st.stm32cube.ide.mcu.externaltools.gnu-tools-for-stm32.9-2020-q2-update.win32_2.0.0.202105311346/tools/bin/../lib/gcc/arm-none-eabi/9.3.1/../../../../arm-none-eabi/lib/thumb/v7e-m+fp/hard\libc_nano.a(lib_a-init.o)
                0x0000000008003f9c                __libc_init_array
 .text.memset   0x0000000008003fe4       0x10 c:/st/stm32cubeide_1.7.0/stm32cubeide/plugins/com.st.stm32cube.ide.mcu.externaltools.gnu-tools-for-stm32.9-2020-q2-update.win32_2.0.0.202105311346/tools/bin/../lib/gcc/arm-none-eabi/9.3.1/../../../../arm-none-eabi/lib/thumb/v7e-m+fp/hard\libc_nano.a(lib_a-memset.o)
                0x0000000008003fe4                memset
 *(.glue_7)
 .glue_7        0x0000000008003ff4        0x0 linker stubs
 *(.glue_7t)
 .glue_7t       0x0000000008003ff4        0x0 linker stubs
 *(.eh_frame)
 .eh_frame      0x0000000008003ff4        0x0 c:/st/stm32cubeide_1.7.0/stm32cubeide/plugins/com.st.stm32cube.ide.mcu.externaltools.gnu-tools-for-stm32.9-2020-q2-update.win32_2.0.0.202105311346/tools/bin/../lib/gcc/arm-none-eabi/9.3.1/thumb/v7e-m+fp/hard/crtbegin.o
 *(.init)
 .init          0x0000000008003ff4        0x4 c:/st/stm32cubeide_1.7.0/stm32cubeide/plugins/com.st.stm32cube.ide.mcu.externaltools.gnu-tools-for-stm32.9-2020-q2-update.win32_2.0.0.202105311346/tools/bin/../lib/gcc/arm-none-eabi/9.3.1/thumb/v7e-m+fp/hard/crti.o
                0x0000000008003ff4                _init
 .init          0x0000000008003ff8        0x8 c:/st/stm32cubeide_1.7.0/stm32cubeide/plugins/com.st.stm32cube.ide.mcu.externaltools.gnu-tools-for-stm32.9-2020-q2-update.win32_2.0.0.202105311346/tools/bin/../lib/gcc/arm-none-eabi/9.3.1/thumb/v7e-m+fp/hard/crtn.o
 *(.fini)
 .fini          0x0000000008004000        0x4 c:/st/stm32cubeide_1.7.0/stm32cubeide/plugins/com.st.stm32cube.ide.mcu.externaltools.gnu-tools-for-stm32.9-2020-q2-update.win32_2.0.0.202105311346/tools/bin/../lib/gcc/arm-none-eabi/9.3.1/thumb/v7e-m+fp/hard/crti.o
                0x0000000008004000                _fini
 .fini          0x0000000008004004        0x8 c:/st/stm32cubeide_1.7.0/stm32cubeide/plugins/com.st.stm32cube.ide.mcu.externaltools.gnu-tools-for-stm32.9-2020-q2-update.win32_2.0.0.202105311346/tools/bin/../lib/gcc/arm-none-eabi/9.3.1/thumb/v7e-m+fp/hard/crtn.o
                0x000000000800400c                . = ALIGN (0x4)
                0x000000000800400c                _etext = .

.vfp11_veneer   0x000000000800400c        0x0
 .vfp11_veneer  0x000000000800400c        0x0 linker stubs

.v4_bx          0x000000000800400c        0x0
 .v4_bx         0x000000000800400c        0x0 linker stubs

.iplt           0x000000000800400c        0x0
 .iplt          0x000000000800400c        0x0 c:/st/stm32cubeide_1.7.0/stm32cubeide/plugins/com.st.stm32cube.ide.mcu.externaltools.gnu-tools-for-stm32.9-2020-q2-update.win32_2.0.0.202105311346/tools/bin/../lib/gcc/arm-none-eabi/9.3.1/thumb/v7e-m+fp/hard/crtbegin.o

.rodata         0x000000000800400c      0xd84
                0x000000000800400c                . = ALIGN (0x4)
 *(.rodata)
 .rodata        0x000000000800400c        0xe ./Core/Src/main.o
 *(.rodata*)
 *fill*         0x000000000800401a        0x2 
 .rodata.Font11x18
                0x000000000800401c      0xd5c ./Core/Src/fonts.o
 .rodata.AHBPrescTable
                0x0000000008004d78       0x10 ./Core/Src/system_stm32f4xx.o
                0x0000000008004d78                AHBPrescTable
 .rodata.APBPrescTable
                0x0000000008004d88        0x8 ./Core/Src/system_stm32f4xx.o
                0x0000000008004d88                APBPrescTable
                0x0000000008004d90                . = ALIGN (0x4)

.ARM.extab      0x0000000008004d90        0x0
                0x0000000008004d90                . = ALIGN (0x4)
 *(.ARM.extab* .gnu.linkonce.armextab.*)
                0x0000000008004d90                . = ALIGN (0x4)

.ARM            0x0000000008004d90        0x8
                0x0000000008004d90                . = ALIGN (0x4)
                0x0000000008004d90                __exidx_start = .
 *(.ARM.exidx*)
 .ARM.exidx     0x0000000008004d90        0x8 c:/st/stm32cubeide_1.7.0/stm32cubeide/plugins/com.st.stm32cube.ide.mcu.externaltools.gnu-tools-for-stm32.9-2020-q2-update.win32_2.0.0.202105311346/tools/bin/../lib/gcc/arm-none-eabi/9.3.1/thumb/v7e-m+fp/hard\libgcc.a(_udivmoddi4.o)
                0x0000000008004d98                __exidx_end = .
                0x0000000008004d98                . = ALIGN (0x4)

.rel.dyn        0x0000000008004d98        0x0
 .rel.iplt      0x0000000008004d98        0x0 c:/st/stm32cubeide_1.7.0/stm32cubeide/plugins/com.st.stm32cube.ide.mcu.externaltools.gnu-tools-for-stm32.9-2020-q2-update.win32_2.0.0.202105311346/tools/bin/../lib/gcc/arm-none-eabi/9.3.1/thumb/v7e-m+fp/hard/crtbegin.o

.preinit_array  0x0000000008004d98        0x0
                0x0000000008004d98                . = ALIGN (0x4)
                0x0000000008004d98                PROVIDE (__preinit_array_start = .)
 *(.preinit_array*)
                0x0000000008004d98                PROVIDE (__preinit_array_end = .)
                0x0000000008004d98                . = ALIGN (0x4)

.init_array     0x0000000008004d98        0x4
                0x0000000008004d98                . = ALIGN (0x4)
                0x0000000008004d98                PROVIDE (__init_array_start = .)
 *(SORT_BY_NAME(.init_array.*))
 *(.init_array*)
 .init_array    0x0000000008004d98        0x4 c:/st/stm32cubeide_1.7.0/stm32cubeide/plugins/com.st.stm32cube.ide.mcu.externaltools.gnu-tools-for-stm32.9-2020-q2-update.win32_2.0.0.202105311346/tools/bin/../lib/gcc/arm-none-eabi/9.3.1/thumb/v7e-m+fp/hard/crtbegin.o
                0x0000000008004d9c                PROVIDE (__init_array_end = .)
                0x0000000008004d9c                . = ALIGN (0x4)

.fini_array     0x0000000008004d9c        0x4
                0x0000000008004d9c                . = ALIGN (0x4)
                [!provide]                        PROVIDE (__fini_array_start = .)
 *(SORT_BY_NAME(.fini_array.*))
 *(.fini_array*)
 .fini_array    0x0000000008004d9c        0x4 c:/st/stm32cubeide_1.7.0/stm32cubeide/plugins/com.st.stm32cube.ide.mcu.externaltools.gnu-tools-for-stm32.9-2020-q2-update.win32_2.0.0.202105311346/tools/bin/../lib/gcc/arm-none-eabi/9.3.1/thumb/v7e-m+fp/hard/crtbegin.o
                [!provide]                        PROVIDE (__fini_array_end = .)
                0x0000000008004da0                . = ALIGN (0x4)
                0x0000000008004da0                _sidata = LOADADDR (.data)

.data           0x0000000020000000       0x80 load address 0x0000000008004da0
                0x0000000020000000                . = ALIGN (0x4)
                0x0000000020000000                _sdata = .
 *(.data)
 *(.data*)
 .data.Font_11x18
                0x0000000020000000        0x8 ./Core/Src/fonts.o
                0x0000000020000000                Font_11x18
 .data.SystemCoreClock
                0x0000000020000008        0x4 ./Core/Src/system_stm32f4xx.o
                0x0000000020000008                SystemCoreClock
 .data.Lsm303agrDrv
                0x000000002000000c       0x34 ./Drivers/BSP/Components/lsm303agr/lsm303agr.o
                0x000000002000000c                Lsm303agrDrv
 .data.Lsm303dlhcDrv
                0x0000000020000040       0x34 ./Drivers/BSP/Components/lsm303dlhc/lsm303dlhc.o
                0x0000000020000040                Lsm303dlhcDrv
 .data.I2cxTimeout
                0x0000000020000074        0x4 ./Drivers/BSP/STM32F411E-Discovery/stm32f411e_discovery.o
                0x0000000020000074                I2cxTimeout
 .data.uwTickPrio
                0x0000000020000078        0x4 ./Drivers/STM32F4xx_HAL_Driver/Src/stm32f4xx_hal.o
                0x0000000020000078                uwTickPrio
 .data.uwTickFreq
                0x000000002000007c        0x1 ./Drivers/STM32F4xx_HAL_Driver/Src/stm32f4xx_hal.o
                0x000000002000007c                uwTickFreq
 *(.RamFunc)
 *(.RamFunc*)
                0x0000000020000080                . = ALIGN (0x4)
 *fill*         0x000000002000007d        0x3 
                0x0000000020000080                _edata = .

.igot.plt       0x0000000020000080        0x0 load address 0x0000000008004e20
 .igot.plt      0x0000000020000080        0x0 c:/st/stm32cubeide_1.7.0/stm32cubeide/plugins/com.st.stm32cube.ide.mcu.externaltools.gnu-tools-for-stm32.9-2020-q2-update.win32_2.0.0.202105311346/tools/bin/../lib/gcc/arm-none-eabi/9.3.1/thumb/v7e-m+fp/hard/crtbegin.o
                0x0000000020000080                . = ALIGN (0x4)

.bss            0x0000000020000080      0x580 load address 0x0000000008004e20
                0x0000000020000080                _sbss = .
                0x0000000020000080                __bss_start__ = _sbss
 *(.bss)
 .bss           0x0000000020000080       0x1c c:/st/stm32cubeide_1.7.0/stm32cubeide/plugins/com.st.stm32cube.ide.mcu.externaltools.gnu-tools-for-stm32.9-2020-q2-update.win32_2.0.0.202105311346/tools/bin/../lib/gcc/arm-none-eabi/9.3.1/thumb/v7e-m+fp/hard/crtbegin.o
 *(.bss*)
 .bss.SSD1306_Buffer
                0x000000002000009c      0x400 ./Core/Src/ssd1306.o
 .bss.SSD1306   0x000000002000049c        0x6 ./Core/Src/ssd1306.o
 *fill*         0x00000000200004a2        0x2 
 .bss.I2cHandle
                0x00000000200004a4       0x54 ./Drivers/BSP/STM32F411E-Discovery/stm32f411e_discovery.o
 .bss.AccelerometerDrv
                0x00000000200004f8        0x4 ./Drivers/BSP/STM32F411E-Discovery/stm32f411e_discovery_accelerometer.o
 *(COMMON)
 COMMON         0x00000000200004fc      0x100 ./Core/Src/main.o
                0x00000000200004fc                hi2c1
                0x0000000020000550                hi2c2
                0x00000000200005a4                hspi1
 COMMON         0x00000000200005fc        0x4 ./Drivers/STM32F4xx_HAL_Driver/Src/stm32f4xx_hal.o
                0x00000000200005fc                uwTick
                0x0000000020000600                . = ALIGN (0x4)
                0x0000000020000600                _ebss = .
                0x0000000020000600                __bss_end__ = _ebss

._user_heap_stack
                0x0000000020000600      0x600 load address 0x0000000008004e20
                0x0000000020000600                . = ALIGN (0x8)
                [!provide]                        PROVIDE (end = .)
                0x0000000020000600                PROVIDE (_end = .)
                0x0000000020000800                . = (. + _Min_Heap_Size)
 *fill*         0x0000000020000600      0x200 
                0x0000000020000c00                . = (. + _Min_Stack_Size)
 *fill*         0x0000000020000800      0x400 
                0x0000000020000c00                . = ALIGN (0x8)

/DISCARD/
 libc.a(*)
 libm.a(*)
 libgcc.a(*)

.ARM.attributes
                0x0000000000000000       0x30
 *(.ARM.attributes)
 .ARM.attributes
                0x0000000000000000       0x1e c:/st/stm32cubeide_1.7.0/stm32cubeide/plugins/com.st.stm32cube.ide.mcu.externaltools.gnu-tools-for-stm32.9-2020-q2-update.win32_2.0.0.202105311346/tools/bin/../lib/gcc/arm-none-eabi/9.3.1/thumb/v7e-m+fp/hard/crti.o
 .ARM.attributes
                0x000000000000001e       0x34 c:/st/stm32cubeide_1.7.0/stm32cubeide/plugins/com.st.stm32cube.ide.mcu.externaltools.gnu-tools-for-stm32.9-2020-q2-update.win32_2.0.0.202105311346/tools/bin/../lib/gcc/arm-none-eabi/9.3.1/thumb/v7e-m+fp/hard/crtbegin.o
 .ARM.attributes
                0x0000000000000052       0x39 ./Core/Src/fonts.o
 .ARM.attributes
                0x000000000000008b       0x34 ./Core/Src/main.o
 .ARM.attributes
                0x00000000000000bf       0x34 ./Core/Src/ssd1306.o
 .ARM.attributes
                0x00000000000000f3       0x34 ./Core/Src/stm32f4xx_hal_msp.o
 .ARM.attributes
                0x0000000000000127       0x34 ./Core/Src/stm32f4xx_it.o
 .ARM.attributes
                0x000000000000015b       0x34 ./Core/Src/system_stm32f4xx.o
 .ARM.attributes
                0x000000000000018f       0x21 ./Core/Startup/startup_stm32f411vetx.o
 .ARM.attributes
                0x00000000000001b0       0x34 ./Drivers/BSP/Components/lsm303agr/lsm303agr.o
 .ARM.attributes
                0x00000000000001e4       0x34 ./Drivers/BSP/Components/lsm303dlhc/lsm303dlhc.o
 .ARM.attributes
                0x0000000000000218       0x34 ./Drivers/BSP/STM32F411E-Discovery/stm32f411e_discovery.o
 .ARM.attributes
                0x000000000000024c       0x34 ./Drivers/BSP/STM32F411E-Discovery/stm32f411e_discovery_accelerometer.o
 .ARM.attributes
                0x0000000000000280       0x34 ./Drivers/STM32F4xx_HAL_Driver/Src/stm32f4xx_hal.o
 .ARM.attributes
                0x00000000000002b4       0x34 ./Drivers/STM32F4xx_HAL_Driver/Src/stm32f4xx_hal_cortex.o
 .ARM.attributes
                0x00000000000002e8       0x34 ./Drivers/STM32F4xx_HAL_Driver/Src/stm32f4xx_hal_gpio.o
 .ARM.attributes
                0x000000000000031c       0x34 ./Drivers/STM32F4xx_HAL_Driver/Src/stm32f4xx_hal_i2c.o
 .ARM.attributes
                0x0000000000000350       0x34 ./Drivers/STM32F4xx_HAL_Driver/Src/stm32f4xx_hal_rcc.o
 .ARM.attributes
                0x0000000000000384       0x34 ./Drivers/STM32F4xx_HAL_Driver/Src/stm32f4xx_hal_spi.o
 .ARM.attributes
                0x00000000000003b8       0x34 c:/st/stm32cubeide_1.7.0/stm32cubeide/plugins/com.st.stm32cube.ide.mcu.externaltools.gnu-tools-for-stm32.9-2020-q2-update.win32_2.0.0.202105311346/tools/bin/../lib/gcc/arm-none-eabi/9.3.1/../../../../arm-none-eabi/lib/thumb/v7e-m+fp/hard\libc_nano.a(lib_a-init.o)
 .ARM.attributes
                0x00000000000003ec       0x34 c:/st/stm32cubeide_1.7.0/stm32cubeide/plugins/com.st.stm32cube.ide.mcu.externaltools.gnu-tools-for-stm32.9-2020-q2-update.win32_2.0.0.202105311346/tools/bin/../lib/gcc/arm-none-eabi/9.3.1/../../../../arm-none-eabi/lib/thumb/v7e-m+fp/hard\libc_nano.a(lib_a-memset.o)
 .ARM.attributes
                0x0000000000000420       0x1e c:/st/stm32cubeide_1.7.0/stm32cubeide/plugins/com.st.stm32cube.ide.mcu.externaltools.gnu-tools-for-stm32.9-2020-q2-update.win32_2.0.0.202105311346/tools/bin/../lib/gcc/arm-none-eabi/9.3.1/thumb/v7e-m+fp/hard\libgcc.a(_aeabi_uldivmod.o)
 .ARM.attributes
                0x000000000000043e       0x34 c:/st/stm32cubeide_1.7.0/stm32cubeide/plugins/com.st.stm32cube.ide.mcu.externaltools.gnu-tools-for-stm32.9-2020-q2-update.win32_2.0.0.202105311346/tools/bin/../lib/gcc/arm-none-eabi/9.3.1/thumb/v7e-m+fp/hard\libgcc.a(_udivmoddi4.o)
 .ARM.attributes
                0x0000000000000472       0x1e c:/st/stm32cubeide_1.7.0/stm32cubeide/plugins/com.st.stm32cube.ide.mcu.externaltools.gnu-tools-for-stm32.9-2020-q2-update.win32_2.0.0.202105311346/tools/bin/../lib/gcc/arm-none-eabi/9.3.1/thumb/v7e-m+fp/hard\libgcc.a(_dvmd_tls.o)
 .ARM.attributes
                0x0000000000000490       0x1e c:/st/stm32cubeide_1.7.0/stm32cubeide/plugins/com.st.stm32cube.ide.mcu.externaltools.gnu-tools-for-stm32.9-2020-q2-update.win32_2.0.0.202105311346/tools/bin/../lib/gcc/arm-none-eabi/9.3.1/thumb/v7e-m+fp/hard/crtn.o
OUTPUT(levelTool.elf elf32-littlearm)
LOAD linker stubs
LOAD c:/st/stm32cubeide_1.7.0/stm32cubeide/plugins/com.st.stm32cube.ide.mcu.externaltools.gnu-tools-for-stm32.9-2020-q2-update.win32_2.0.0.202105311346/tools/bin/../lib/gcc/arm-none-eabi/9.3.1/../../../../arm-none-eabi/lib/thumb/v7e-m+fp/hard\libc.a
LOAD c:/st/stm32cubeide_1.7.0/stm32cubeide/plugins/com.st.stm32cube.ide.mcu.externaltools.gnu-tools-for-stm32.9-2020-q2-update.win32_2.0.0.202105311346/tools/bin/../lib/gcc/arm-none-eabi/9.3.1/../../../../arm-none-eabi/lib/thumb/v7e-m+fp/hard\libm.a
LOAD c:/st/stm32cubeide_1.7.0/stm32cubeide/plugins/com.st.stm32cube.ide.mcu.externaltools.gnu-tools-for-stm32.9-2020-q2-update.win32_2.0.0.202105311346/tools/bin/../lib/gcc/arm-none-eabi/9.3.1/thumb/v7e-m+fp/hard\libgcc.a

.debug_info     0x0000000000000000     0xcc68
 .debug_info    0x0000000000000000      0x1ae ./Core/Src/fonts.o
 .debug_info    0x00000000000001ae     0x1ad4 ./Core/Src/main.o
 .debug_info    0x0000000000001c82      0x9fe ./Core/Src/ssd1306.o
 .debug_info    0x0000000000002680      0xdf9 ./Core/Src/stm32f4xx_hal_msp.o
 .debug_info    0x0000000000003479      0x222 ./Core/Src/stm32f4xx_it.o
 .debug_info    0x000000000000369b      0x5d0 ./Core/Src/system_stm32f4xx.o
 .debug_info    0x0000000000003c6b       0x22 ./Core/Startup/startup_stm32f411vetx.o
 .debug_info    0x0000000000003c8d      0x6a7 ./Drivers/BSP/Components/lsm303agr/lsm303agr.o
 .debug_info    0x0000000000004334      0x661 ./Drivers/BSP/Components/lsm303dlhc/lsm303dlhc.o
 .debug_info    0x0000000000004995     0x166d ./Drivers/BSP/STM32F411E-Discovery/stm32f411e_discovery.o
 .debug_info    0x0000000000006002      0x4b0 ./Drivers/BSP/STM32F411E-Discovery/stm32f411e_discovery_accelerometer.o
 .debug_info    0x00000000000064b2      0x944 ./Drivers/STM32F4xx_HAL_Driver/Src/stm32f4xx_hal.o
 .debug_info    0x0000000000006df6      0xe47 ./Drivers/STM32F4xx_HAL_Driver/Src/stm32f4xx_hal_cortex.o
 .debug_info    0x0000000000007c3d      0x862 ./Drivers/STM32F4xx_HAL_Driver/Src/stm32f4xx_hal_gpio.o
 .debug_info    0x000000000000849f     0x2653 ./Drivers/STM32F4xx_HAL_Driver/Src/stm32f4xx_hal_i2c.o
 .debug_info    0x000000000000aaf2      0x9be ./Drivers/STM32F4xx_HAL_Driver/Src/stm32f4xx_hal_rcc.o
 .debug_info    0x000000000000b4b0     0x17b8 ./Drivers/STM32F4xx_HAL_Driver/Src/stm32f4xx_hal_spi.o

.debug_abbrev   0x0000000000000000     0x2018
 .debug_abbrev  0x0000000000000000       0xad ./Core/Src/fonts.o
 .debug_abbrev  0x00000000000000ad      0x30a ./Core/Src/main.o
 .debug_abbrev  0x00000000000003b7      0x217 ./Core/Src/ssd1306.o
 .debug_abbrev  0x00000000000005ce      0x1ac ./Core/Src/stm32f4xx_hal_msp.o
 .debug_abbrev  0x000000000000077a       0xd2 ./Core/Src/stm32f4xx_it.o
 .debug_abbrev  0x000000000000084c      0x145 ./Core/Src/system_stm32f4xx.o
 .debug_abbrev  0x0000000000000991       0x12 ./Core/Startup/startup_stm32f411vetx.o
 .debug_abbrev  0x00000000000009a3      0x1d0 ./Drivers/BSP/Components/lsm303agr/lsm303agr.o
 .debug_abbrev  0x0000000000000b73      0x1bd ./Drivers/BSP/Components/lsm303dlhc/lsm303dlhc.o
 .debug_abbrev  0x0000000000000d30      0x2b0 ./Drivers/BSP/STM32F411E-Discovery/stm32f411e_discovery.o
 .debug_abbrev  0x0000000000000fe0      0x177 ./Drivers/BSP/STM32F411E-Discovery/stm32f411e_discovery_accelerometer.o
 .debug_abbrev  0x0000000000001157      0x21e ./Drivers/STM32F4xx_HAL_Driver/Src/stm32f4xx_hal.o
 .debug_abbrev  0x0000000000001375      0x33c ./Drivers/STM32F4xx_HAL_Driver/Src/stm32f4xx_hal_cortex.o
 .debug_abbrev  0x00000000000016b1      0x1f1 ./Drivers/STM32F4xx_HAL_Driver/Src/stm32f4xx_hal_gpio.o
 .debug_abbrev  0x00000000000018a2      0x293 ./Drivers/STM32F4xx_HAL_Driver/Src/stm32f4xx_hal_i2c.o
 .debug_abbrev  0x0000000000001b35      0x275 ./Drivers/STM32F4xx_HAL_Driver/Src/stm32f4xx_hal_rcc.o
 .debug_abbrev  0x0000000000001daa      0x26e ./Drivers/STM32F4xx_HAL_Driver/Src/stm32f4xx_hal_spi.o

.debug_aranges  0x0000000000000000      0xba8
 .debug_aranges
                0x0000000000000000       0x18 ./Core/Src/fonts.o
 .debug_aranges
                0x0000000000000018       0x60 ./Core/Src/main.o
 .debug_aranges
                0x0000000000000078       0x60 ./Core/Src/ssd1306.o
 .debug_aranges
                0x00000000000000d8       0x40 ./Core/Src/stm32f4xx_hal_msp.o
 .debug_aranges
                0x0000000000000118       0x60 ./Core/Src/stm32f4xx_it.o
 .debug_aranges
                0x0000000000000178       0x28 ./Core/Src/system_stm32f4xx.o
 .debug_aranges
                0x00000000000001a0       0x28 ./Core/Startup/startup_stm32f411vetx.o
 .debug_aranges
                0x00000000000001c8       0xb0 ./Drivers/BSP/Components/lsm303agr/lsm303agr.o
 .debug_aranges
                0x0000000000000278       0xb0 ./Drivers/BSP/Components/lsm303dlhc/lsm303dlhc.o
 .debug_aranges
                0x0000000000000328       0xf0 ./Drivers/BSP/STM32F411E-Discovery/stm32f411e_discovery.o
 .debug_aranges
                0x0000000000000418       0x38 ./Drivers/BSP/STM32F411E-Discovery/stm32f411e_discovery_accelerometer.o
 .debug_aranges
                0x0000000000000450       0xf0 ./Drivers/STM32F4xx_HAL_Driver/Src/stm32f4xx_hal.o
 .debug_aranges
                0x0000000000000540      0x118 ./Drivers/STM32F4xx_HAL_Driver/Src/stm32f4xx_hal_cortex.o
 .debug_aranges
                0x0000000000000658       0x58 ./Drivers/STM32F4xx_HAL_Driver/Src/stm32f4xx_hal_gpio.o
 .debug_aranges
                0x00000000000006b0      0x2a0 ./Drivers/STM32F4xx_HAL_Driver/Src/stm32f4xx_hal_i2c.o
 .debug_aranges
                0x0000000000000950       0x88 ./Drivers/STM32F4xx_HAL_Driver/Src/stm32f4xx_hal_rcc.o
 .debug_aranges
                0x00000000000009d8      0x1d0 ./Drivers/STM32F4xx_HAL_Driver/Src/stm32f4xx_hal_spi.o

.debug_macro    0x0000000000000000    0x16adb
 .debug_macro   0x0000000000000000       0x6d ./Core/Src/fonts.o
 .debug_macro   0x000000000000006d      0xaa8 ./Core/Src/fonts.o
 .debug_macro   0x0000000000000b15       0x22 ./Core/Src/fonts.o
 .debug_macro   0x0000000000000b37       0x8e ./Core/Src/fonts.o
 .debug_macro   0x0000000000000bc5       0x51 ./Core/Src/fonts.o
 .debug_macro   0x0000000000000c16      0x103 ./Core/Src/fonts.o
 .debug_macro   0x0000000000000d19       0x6a ./Core/Src/fonts.o
 .debug_macro   0x0000000000000d83      0x1df ./Core/Src/fonts.o
 .debug_macro   0x0000000000000f62      0x30e ./Core/Src/main.o
 .debug_macro   0x0000000000001270      0x29b ./Core/Src/main.o
 .debug_macro   0x000000000000150b       0x2e ./Core/Src/main.o
 .debug_macro   0x0000000000001539       0x28 ./Core/Src/main.o
 .debug_macro   0x0000000000001561       0x1c ./Core/Src/main.o
 .debug_macro   0x000000000000157d       0x22 ./Core/Src/main.o
 .debug_macro   0x000000000000159f       0xdf ./Core/Src/main.o
 .debug_macro   0x000000000000167e     0x102d ./Core/Src/main.o
 .debug_macro   0x00000000000026ab      0x11f ./Core/Src/main.o
 .debug_macro   0x00000000000027ca     0xb953 ./Core/Src/main.o
 .debug_macro   0x000000000000e11d       0x6d ./Core/Src/main.o
 .debug_macro   0x000000000000e18a     0x3666 ./Core/Src/main.o
 .debug_macro   0x00000000000117f0      0x174 ./Core/Src/main.o
 .debug_macro   0x0000000000011964       0x5c ./Core/Src/main.o
 .debug_macro   0x00000000000119c0      0x447 ./Core/Src/main.o
 .debug_macro   0x0000000000011e07      0x9fe ./Core/Src/main.o
 .debug_macro   0x0000000000012805      0x116 ./Core/Src/main.o
 .debug_macro   0x000000000001291b      0x11b ./Core/Src/main.o
 .debug_macro   0x0000000000012a36       0xa5 ./Core/Src/main.o
 .debug_macro   0x0000000000012adb      0x15f ./Core/Src/main.o
 .debug_macro   0x0000000000012c3a      0x287 ./Core/Src/main.o
 .debug_macro   0x0000000000012ec1       0x5f ./Core/Src/main.o
 .debug_macro   0x0000000000012f20      0x236 ./Core/Src/main.o
 .debug_macro   0x0000000000013156      0x132 ./Core/Src/main.o
 .debug_macro   0x0000000000013288      0x264 ./Core/Src/main.o
 .debug_macro   0x00000000000134ec       0x2e ./Core/Src/main.o
 .debug_macro   0x000000000001351a      0x1b5 ./Core/Src/main.o
 .debug_macro   0x00000000000136cf       0x22 ./Core/Src/main.o
 .debug_macro   0x00000000000136f1       0xd6 ./Core/Src/main.o
 .debug_macro   0x00000000000137c7      0x11a ./Core/Src/main.o
 .debug_macro   0x00000000000138e1       0x85 ./Core/Src/main.o
 .debug_macro   0x0000000000013966       0x89 ./Core/Src/main.o
 .debug_macro   0x00000000000139ef      0x225 ./Core/Src/main.o
 .debug_macro   0x0000000000013c14      0x126 ./Core/Src/main.o
 .debug_macro   0x0000000000013d3a       0x34 ./Core/Src/main.o
 .debug_macro   0x0000000000013d6e       0x18 ./Core/Src/main.o
 .debug_macro   0x0000000000013d86       0x52 ./Core/Src/main.o
 .debug_macro   0x0000000000013dd8       0x3c ./Core/Src/main.o
 .debug_macro   0x0000000000013e14       0x34 ./Core/Src/main.o
 .debug_macro   0x0000000000013e48       0x16 ./Core/Src/main.o
 .debug_macro   0x0000000000013e5e       0x35 ./Core/Src/main.o
 .debug_macro   0x0000000000013e93       0x16 ./Core/Src/main.o
 .debug_macro   0x0000000000013ea9       0x43 ./Core/Src/main.o
 .debug_macro   0x0000000000013eec       0x34 ./Core/Src/main.o
 .debug_macro   0x0000000000013f20       0x10 ./Core/Src/main.o
 .debug_macro   0x0000000000013f30       0x58 ./Core/Src/main.o
 .debug_macro   0x0000000000013f88       0x71 ./Core/Src/main.o
 .debug_macro   0x0000000000013ff9       0x1c ./Core/Src/main.o
 .debug_macro   0x0000000000014015      0x12a ./Core/Src/main.o
 .debug_macro   0x000000000001413f      0x333 ./Core/Src/main.o
 .debug_macro   0x0000000000014472       0x16 ./Core/Src/main.o
 .debug_macro   0x0000000000014488       0x29 ./Core/Src/main.o
 .debug_macro   0x00000000000144b1      0x251 ./Core/Src/main.o
 .debug_macro   0x0000000000014702      0x452 ./Core/Src/main.o
 .debug_macro   0x0000000000014b54      0x4b7 ./Core/Src/main.o
 .debug_macro   0x000000000001500b       0x16 ./Core/Src/main.o
 .debug_macro   0x0000000000015021      0x1ec ./Core/Src/ssd1306.o
 .debug_macro   0x000000000001520d      0x1e2 ./Core/Src/stm32f4xx_hal_msp.o
 .debug_macro   0x00000000000153ef      0x1ec ./Core/Src/stm32f4xx_it.o
 .debug_macro   0x00000000000155db      0x1d3 ./Core/Src/system_stm32f4xx.o
 .debug_macro   0x00000000000157ae       0x7c ./Drivers/BSP/Components/lsm303agr/lsm303agr.o
 .debug_macro   0x000000000001582a       0x7c ./Drivers/BSP/Components/lsm303dlhc/lsm303dlhc.o
 .debug_macro   0x00000000000158a6      0x200 ./Drivers/BSP/STM32F411E-Discovery/stm32f411e_discovery.o
 .debug_macro   0x0000000000015aa6      0x24b ./Drivers/BSP/STM32F411E-Discovery/stm32f411e_discovery.o
 .debug_macro   0x0000000000015cf1      0x218 ./Drivers/BSP/STM32F411E-Discovery/stm32f411e_discovery_accelerometer.o
 .debug_macro   0x0000000000015f09      0x233 ./Drivers/STM32F4xx_HAL_Driver/Src/stm32f4xx_hal.o
 .debug_macro   0x000000000001613c      0x1d3 ./Drivers/STM32F4xx_HAL_Driver/Src/stm32f4xx_hal_cortex.o
 .debug_macro   0x000000000001630f      0x1d9 ./Drivers/STM32F4xx_HAL_Driver/Src/stm32f4xx_hal_gpio.o
 .debug_macro   0x00000000000164e8      0x21a ./Drivers/STM32F4xx_HAL_Driver/Src/stm32f4xx_hal_i2c.o
 .debug_macro   0x0000000000016702      0x1f7 ./Drivers/STM32F4xx_HAL_Driver/Src/stm32f4xx_hal_rcc.o
 .debug_macro   0x00000000000168f9      0x1e2 ./Drivers/STM32F4xx_HAL_Driver/Src/stm32f4xx_hal_spi.o

.debug_line     0x0000000000000000     0xd75f
 .debug_line    0x0000000000000000      0x38a ./Core/Src/fonts.o
 .debug_line    0x000000000000038a      0xbc9 ./Core/Src/main.o
 .debug_line    0x0000000000000f53      0x996 ./Core/Src/ssd1306.o
 .debug_line    0x00000000000018e9      0x7a4 ./Core/Src/stm32f4xx_hal_msp.o
 .debug_line    0x000000000000208d      0x788 ./Core/Src/stm32f4xx_it.o
 .debug_line    0x0000000000002815      0x747 ./Core/Src/system_stm32f4xx.o
 .debug_line    0x0000000000002f5c       0x88 ./Core/Startup/startup_stm32f411vetx.o
 .debug_line    0x0000000000002fe4      0x79b ./Drivers/BSP/Components/lsm303agr/lsm303agr.o
 .debug_line    0x000000000000377f      0x79f ./Drivers/BSP/Components/lsm303dlhc/lsm303dlhc.o
 .debug_line    0x0000000000003f1e      0xadf ./Drivers/BSP/STM32F411E-Discovery/stm32f411e_discovery.o
 .debug_line    0x00000000000049fd      0x9bd ./Drivers/BSP/STM32F411E-Discovery/stm32f411e_discovery_accelerometer.o
 .debug_line    0x00000000000053ba      0x9ad ./Drivers/STM32F4xx_HAL_Driver/Src/stm32f4xx_hal.o
 .debug_line    0x0000000000005d67      0xc5c ./Drivers/STM32F4xx_HAL_Driver/Src/stm32f4xx_hal_cortex.o
 .debug_line    0x00000000000069c3      0xae7 ./Drivers/STM32F4xx_HAL_Driver/Src/stm32f4xx_hal_gpio.o
 .debug_line    0x00000000000074aa     0x3959 ./Drivers/STM32F4xx_HAL_Driver/Src/stm32f4xx_hal_i2c.o
 .debug_line    0x000000000000ae03      0xd27 ./Drivers/STM32F4xx_HAL_Driver/Src/stm32f4xx_hal_rcc.o
 .debug_line    0x000000000000bb2a     0x1c35 ./Drivers/STM32F4xx_HAL_Driver/Src/stm32f4xx_hal_spi.o

.debug_str      0x0000000000000000    0x8b50b
 .debug_str     0x0000000000000000     0x3be7 ./Core/Src/fonts.o
                                       0x3d5d (size before relaxing)
 .debug_str     0x0000000000003be7    0x849cf ./Core/Src/main.o
                                      0x8895e (size before relaxing)
 .debug_str     0x00000000000885b6      0x127 ./Core/Src/ssd1306.o
                                      0x811c0 (size before relaxing)
 .debug_str     0x00000000000886dd       0x75 ./Core/Src/stm32f4xx_hal_msp.o
                                      0x8148f (size before relaxing)
 .debug_str     0x0000000000088752       0xbd ./Core/Src/stm32f4xx_it.o
                                      0x80ca3 (size before relaxing)
 .debug_str     0x000000000008880f       0xaf ./Core/Src/system_stm32f4xx.o
                                      0x80ccd (size before relaxing)
 .debug_str     0x00000000000888be       0x36 ./Core/Startup/startup_stm32f411vetx.o
                                         0x72 (size before relaxing)
 .debug_str     0x00000000000888f4      0x2d9 ./Drivers/BSP/Components/lsm303agr/lsm303agr.o
                                       0x58ca (size before relaxing)
 .debug_str     0x0000000000088bcd      0x23d ./Drivers/BSP/Components/lsm303dlhc/lsm303dlhc.o
                                       0x57ac (size before relaxing)
 .debug_str     0x0000000000088e0a      0x7ef ./Drivers/BSP/STM32F411E-Discovery/stm32f411e_discovery.o
                                      0x82bb1 (size before relaxing)
 .debug_str     0x00000000000895f9      0x258 ./Drivers/BSP/STM32F411E-Discovery/stm32f411e_discovery_accelerometer.o
                                      0x84d74 (size before relaxing)
 .debug_str     0x0000000000089851      0x571 ./Drivers/STM32F4xx_HAL_Driver/Src/stm32f4xx_hal.o
                                      0x81657 (size before relaxing)
 .debug_str     0x0000000000089dc2      0x38f ./Drivers/STM32F4xx_HAL_Driver/Src/stm32f4xx_hal_cortex.o
                                      0x81434 (size before relaxing)
 .debug_str     0x000000000008a151      0x150 ./Drivers/STM32F4xx_HAL_Driver/Src/stm32f4xx_hal_gpio.o
                                      0x80e74 (size before relaxing)
 .debug_str     0x000000000008a2a1      0xabd ./Drivers/STM32F4xx_HAL_Driver/Src/stm32f4xx_hal_i2c.o
                                      0x81c42 (size before relaxing)
 .debug_str     0x000000000008ad5e      0x24e ./Drivers/STM32F4xx_HAL_Driver/Src/stm32f4xx_hal_rcc.o
                                      0x810cf (size before relaxing)
 .debug_str     0x000000000008afac      0x55f ./Drivers/STM32F4xx_HAL_Driver/Src/stm32f4xx_hal_spi.o
                                      0x8155f (size before relaxing)

.comment        0x0000000000000000       0x53
 .comment       0x0000000000000000       0x53 ./Core/Src/fonts.o
                                         0x54 (size before relaxing)
 .comment       0x0000000000000053       0x54 ./Core/Src/main.o
 .comment       0x0000000000000053       0x54 ./Core/Src/ssd1306.o
 .comment       0x0000000000000053       0x54 ./Core/Src/stm32f4xx_hal_msp.o
 .comment       0x0000000000000053       0x54 ./Core/Src/stm32f4xx_it.o
 .comment       0x0000000000000053       0x54 ./Core/Src/system_stm32f4xx.o
 .comment       0x0000000000000053       0x54 ./Drivers/BSP/Components/lsm303agr/lsm303agr.o
 .comment       0x0000000000000053       0x54 ./Drivers/BSP/Components/lsm303dlhc/lsm303dlhc.o
 .comment       0x0000000000000053       0x54 ./Drivers/BSP/STM32F411E-Discovery/stm32f411e_discovery.o
 .comment       0x0000000000000053       0x54 ./Drivers/BSP/STM32F411E-Discovery/stm32f411e_discovery_accelerometer.o
 .comment       0x0000000000000053       0x54 ./Drivers/STM32F4xx_HAL_Driver/Src/stm32f4xx_hal.o
 .comment       0x0000000000000053       0x54 ./Drivers/STM32F4xx_HAL_Driver/Src/stm32f4xx_hal_cortex.o
 .comment       0x0000000000000053       0x54 ./Drivers/STM32F4xx_HAL_Driver/Src/stm32f4xx_hal_gpio.o
 .comment       0x0000000000000053       0x54 ./Drivers/STM32F4xx_HAL_Driver/Src/stm32f4xx_hal_i2c.o
 .comment       0x0000000000000053       0x54 ./Drivers/STM32F4xx_HAL_Driver/Src/stm32f4xx_hal_rcc.o
 .comment       0x0000000000000053       0x54 ./Drivers/STM32F4xx_HAL_Driver/Src/stm32f4xx_hal_spi.o

.debug_ranges   0x0000000000000000      0xac0
 .debug_ranges  0x0000000000000000       0x50 ./Core/Src/main.o
 .debug_ranges  0x0000000000000050       0x50 ./Core/Src/ssd1306.o
 .debug_ranges  0x00000000000000a0       0x30 ./Core/Src/stm32f4xx_hal_msp.o
 .debug_ranges  0x00000000000000d0       0x50 ./Core/Src/stm32f4xx_it.o
 .debug_ranges  0x0000000000000120       0x18 ./Core/Src/system_stm32f4xx.o
 .debug_ranges  0x0000000000000138       0x20 ./Core/Startup/startup_stm32f411vetx.o
 .debug_ranges  0x0000000000000158       0xa0 ./Drivers/BSP/Components/lsm303agr/lsm303agr.o
 .debug_ranges  0x00000000000001f8       0xa0 ./Drivers/BSP/Components/lsm303dlhc/lsm303dlhc.o
 .debug_ranges  0x0000000000000298       0xe0 ./Drivers/BSP/STM32F411E-Discovery/stm32f411e_discovery.o
 .debug_ranges  0x0000000000000378       0x28 ./Drivers/BSP/STM32F411E-Discovery/stm32f411e_discovery_accelerometer.o
 .debug_ranges  0x00000000000003a0       0xe0 ./Drivers/STM32F4xx_HAL_Driver/Src/stm32f4xx_hal.o
 .debug_ranges  0x0000000000000480      0x108 ./Drivers/STM32F4xx_HAL_Driver/Src/stm32f4xx_hal_cortex.o
 .debug_ranges  0x0000000000000588       0x48 ./Drivers/STM32F4xx_HAL_Driver/Src/stm32f4xx_hal_gpio.o
 .debug_ranges  0x00000000000005d0      0x2b8 ./Drivers/STM32F4xx_HAL_Driver/Src/stm32f4xx_hal_i2c.o
 .debug_ranges  0x0000000000000888       0x78 ./Drivers/STM32F4xx_HAL_Driver/Src/stm32f4xx_hal_rcc.o
 .debug_ranges  0x0000000000000900      0x1c0 ./Drivers/STM32F4xx_HAL_Driver/Src/stm32f4xx_hal_spi.o

.debug_frame    0x0000000000000000     0x2ecc
 .debug_frame   0x0000000000000000      0x130 ./Core/Src/main.o
 .debug_frame   0x0000000000000130      0x164 ./Core/Src/ssd1306.o
 .debug_frame   0x0000000000000294       0xc8 ./Core/Src/stm32f4xx_hal_msp.o
 .debug_frame   0x000000000000035c      0x104 ./Core/Src/stm32f4xx_it.o
 .debug_frame   0x0000000000000460       0x58 ./Core/Src/system_stm32f4xx.o
 .debug_frame   0x00000000000004b8      0x2b0 ./Drivers/BSP/Components/lsm303agr/lsm303agr.o
 .debug_frame   0x0000000000000768      0x2b0 ./Drivers/BSP/Components/lsm303dlhc/lsm303dlhc.o
 .debug_frame   0x0000000000000a18      0x3b4 ./Drivers/BSP/STM32F411E-Discovery/stm32f411e_discovery.o
 .debug_frame   0x0000000000000dcc       0x90 ./Drivers/BSP/STM32F411E-Discovery/stm32f411e_discovery_accelerometer.o
 .debug_frame   0x0000000000000e5c      0x374 ./Drivers/STM32F4xx_HAL_Driver/Src/stm32f4xx_hal.o
 .debug_frame   0x00000000000011d0      0x498 ./Drivers/STM32F4xx_HAL_Driver/Src/stm32f4xx_hal_cortex.o
 .debug_frame   0x0000000000001668      0x14c ./Drivers/STM32F4xx_HAL_Driver/Src/stm32f4xx_hal_gpio.o
 .debug_frame   0x00000000000017b4      0xc5c ./Drivers/STM32F4xx_HAL_Driver/Src/stm32f4xx_hal_i2c.o
 .debug_frame   0x0000000000002410      0x1ec ./Drivers/STM32F4xx_HAL_Driver/Src/stm32f4xx_hal_rcc.o
 .debug_frame   0x00000000000025fc      0x824 ./Drivers/STM32F4xx_HAL_Driver/Src/stm32f4xx_hal_spi.o
 .debug_frame   0x0000000000002e20       0x2c c:/st/stm32cubeide_1.7.0/stm32cubeide/plugins/com.st.stm32cube.ide.mcu.externaltools.gnu-tools-for-stm32.9-2020-q2-update.win32_2.0.0.202105311346/tools/bin/../lib/gcc/arm-none-eabi/9.3.1/../../../../arm-none-eabi/lib/thumb/v7e-m+fp/hard\libc_nano.a(lib_a-init.o)
 .debug_frame   0x0000000000002e4c       0x20 c:/st/stm32cubeide_1.7.0/stm32cubeide/plugins/com.st.stm32cube.ide.mcu.externaltools.gnu-tools-for-stm32.9-2020-q2-update.win32_2.0.0.202105311346/tools/bin/../lib/gcc/arm-none-eabi/9.3.1/../../../../arm-none-eabi/lib/thumb/v7e-m+fp/hard\libc_nano.a(lib_a-memset.o)
 .debug_frame   0x0000000000002e6c       0x2c c:/st/stm32cubeide_1.7.0/stm32cubeide/plugins/com.st.stm32cube.ide.mcu.externaltools.gnu-tools-for-stm32.9-2020-q2-update.win32_2.0.0.202105311346/tools/bin/../lib/gcc/arm-none-eabi/9.3.1/thumb/v7e-m+fp/hard\libgcc.a(_aeabi_uldivmod.o)
 .debug_frame   0x0000000000002e98       0x34 c:/st/stm32cubeide_1.7.0/stm32cubeide/plugins/com.st.stm32cube.ide.mcu.externaltools.gnu-tools-for-stm32.9-2020-q2-update.win32_2.0.0.202105311346/tools/bin/../lib/gcc/arm-none-eabi/9.3.1/thumb/v7e-m+fp/hard\libgcc.a(_udivmoddi4.o)
